// Jest Snapshot v1, https://goo.gl/fbAQLP

exports[`authRegisterData should dispatch the authRegisterFailure action if it requests the data unsuccessfully 1`] = `
Object {
  "@@redux-saga/IO": true,
  "FORK": Object {
    "args": Array [
      "@shinto/app/containers/auth/register/constants/AUTH_REGISTER_REQUEST",
      [Function],
    ],
    "context": null,
    "fn": [Function],
  },
}
`;

exports[`authRegisterData should dispatch the authRegisterSuccess action if it requests the data successfully 1`] = `
Object {
  "@@redux-saga/IO": true,
  "FORK": Object {
    "args": Array [
      "@shinto/app/containers/auth/register/constants/AUTH_REGISTER_REQUEST",
      [Function],
    ],
    "context": null,
    "fn": [Function],
  },
}
`;
