// Jest Snapshot v1, https://goo.gl/fbAQLP

exports[`<Auth /> renders 1`] = `
<div
  className="MuiGrid-container-2 MuiGrid-align-items-xs-center-10 MuiGrid-justify-xs-center-19"
>
  <div
    className="MuiGrid-item-3 MuiGrid-grid-xs-12-40 MuiGrid-grid-sm-6-47 MuiGrid-grid-md-4-58 MuiGrid-grid-lg-3-70"
  >
    <div
      className="MuiPaper-root-93 MuiPaper-elevation2-97 MuiPaper-rounded-94 Auth-root-1"
    />
  </div>
</div>
`;
