// Jest Snapshot v1, https://goo.gl/fbAQLP

exports[`authLoginData should dispatch the authLoginFailure action if it requests the data unsuccessfully 1`] = `
Object {
  "@@redux-saga/IO": true,
  "GET_CONTEXT": "apiService",
}
`;

exports[`authLoginData should dispatch the authLoginSuccess action if it requests the data successfully 1`] = `
Object {
  "@@redux-saga/IO": true,
  "GET_CONTEXT": "apiService",
}
`;
