// Jest Snapshot v1, https://goo.gl/fbAQLP

exports[`<RegisterConfirm /> renders 1`] = `
<div
  className="b-register-confirm"
>
  <h1
    className="MuiTypography-root-1 MuiTypography-headline-6"
  >
    <span>
      Confirm your registration
    </span>
  </h1>
  <form
    onSubmit={[Function]}
  >
    <div
      className="MuiFormControl-root-25 MuiFormControl-marginNormal-26 MuiFormControl-fullWidth-28"
      onBlur={[Function]}
      onDragStart={[Function]}
      onDrop={[Function]}
      onFocus={[Function]}
    >
      <label
        className="MuiFormLabel-root-34 MuiInputLabel-root-29 MuiInputLabel-formControl-30 MuiInputLabel-animated-33 MuiInputLabel-shrink-32"
        data-shrink={true}
      >
        Token
      </label>
      <div
        className="MuiInput-root-39 MuiInput-fullWidth-46 MuiInput-formControl-40 MuiInput-underline-43"
      >
        <input
          aria-invalid={false}
          aria-required={false}
          autoFocus={true}
          className="MuiInput-input-47"
          disabled={false}
          name="token"
          onBlur={[Function]}
          onChange={[Function]}
          onFocus={[Function]}
          placeholder="Token"
          type="text"
          value="token"
        />
      </div>
      <p
        className="MuiFormHelperText-root-52"
      >
        Please enter your token
      </p>
    </div>
    <button
      className="MuiButtonBase-root-78 MuiButton-root-56 MuiButton-contained-65 MuiButton-containedPrimary-66 MuiButton-raised-68 MuiButton-raisedPrimary-69"
      disabled={false}
      onBlur={[Function]}
      onFocus={[Function]}
      onKeyDown={[Function]}
      onKeyUp={[Function]}
      onMouseDown={[Function]}
      onMouseLeave={[Function]}
      onMouseUp={[Function]}
      onTouchEnd={[Function]}
      onTouchMove={[Function]}
      onTouchStart={[Function]}
      tabIndex="0"
      type="submit"
    >
      <span
        className="MuiButton-label-57"
      >
        <span>
          Register
        </span>
      </span>
      <span
        className="MuiTouchRipple-root-81"
      />
    </button>
  </form>
</div>
`;
