// Jest Snapshot v1, https://goo.gl/fbAQLP

exports[`authRegisterConfirmData should dispatch the authRegisterConfirmFailure action if it requests the data unsuccessfully 1`] = `
Object {
  "@@redux-saga/IO": true,
  "FORK": Object {
    "args": Array [
      "@shinto/app/containers/auth/register/confirm/constants/AUTH_REGISTER_CONFIRM_REQUEST",
      [Function],
    ],
    "context": null,
    "fn": [Function],
  },
}
`;

exports[`authRegisterConfirmData should dispatch the authRegisterConfirmSuccess action if it requests the data successfully 1`] = `
Object {
  "@@redux-saga/IO": true,
  "FORK": Object {
    "args": Array [
      "@shinto/app/containers/auth/register/confirm/constants/AUTH_REGISTER_CONFIRM_REQUEST",
      [Function],
    ],
    "context": null,
    "fn": [Function],
  },
}
`;
